.next/types/app/api/goals/[id]/add/route.ts(166,7): error TS2344: Type '{ __tag__: "POST"; __param_position__: "second"; __param_type__: { params: { id: string; }; }; }' does not satisfy the constraint 'ParamCheck<RouteContext>'.
  The types of '__param_type__.params' are incompatible between these types.
    Type '{ id: string; }' is missing the following properties from type 'Promise<any>': then, catch, finally, [Symbol.toStringTag]
.next/types/app/api/goals/[id]/lock/route.ts(166,7): error TS2344: Type '{ __tag__: "POST"; __param_position__: "second"; __param_type__: { params: { id: string; }; }; }' does not satisfy the constraint 'ParamCheck<RouteContext>'.
  The types of '__param_type__.params' are incompatible between these types.
    Type '{ id: string; }' is missing the following properties from type 'Promise<any>': then, catch, finally, [Symbol.toStringTag]
.next/types/app/api/goals/[id]/unlock/route.ts(166,7): error TS2344: Type '{ __tag__: "POST"; __param_position__: "second"; __param_type__: { params: { id: string; }; }; }' does not satisfy the constraint 'ParamCheck<RouteContext>'.
  The types of '__param_type__.params' are incompatible between these types.
    Type '{ id: string; }' is missing the following properties from type 'Promise<any>': then, catch, finally, [Symbol.toStringTag]
.next/types/app/api/goals/[id]/withdraw/route.ts(166,7): error TS2344: Type '{ __tag__: "POST"; __param_position__: "second"; __param_type__: { params: { id: string; }; }; }' does not satisfy the constraint 'ParamCheck<RouteContext>'.
  The types of '__param_type__.params' are incompatible between these types.
    Type '{ id: string; }' is missing the following properties from type 'Promise<any>': then, catch, finally, [Symbol.toStringTag]
.next/types/app/api/insurance/[id]/route.ts(49,7): error TS2344: Type '{ __tag__: "GET"; __param_position__: "second"; __param_type__: { params: { id: string; }; }; }' does not satisfy the constraint 'ParamCheck<RouteContext>'.
  The types of '__param_type__.params' are incompatible between these types.
    Type '{ id: string; }' is missing the following properties from type 'Promise<any>': then, catch, finally, [Symbol.toStringTag]
.next/types/app/api/remittance/status/[txHash]/route.ts(49,7): error TS2344: Type '{ __tag__: "GET"; __param_position__: "second"; __param_type__: { params: { txHash: string; }; }; }' does not satisfy the constraint 'ParamCheck<RouteContext>'.
  The types of '__param_type__.params' are incompatible between these types.
    Type '{ txHash: string; }' is missing the following properties from type 'Promise<any>': then, catch, finally, [Symbol.toStringTag]
.next/types/app/api/v1/bills/[id]/cancel/route.ts(166,7): error TS2344: Type '{ __tag__: "POST"; __param_position__: "second"; __param_type__: { params: { id: string; }; }; }' does not satisfy the constraint 'ParamCheck<RouteContext>'.
  The types of '__param_type__.params' are incompatible between these types.
    Type '{ id: string; }' is missing the following properties from type 'Promise<any>': then, catch, finally, [Symbol.toStringTag]
.next/types/app/api/v1/bills/[id]/pay/route.ts(166,7): error TS2344: Type '{ __tag__: "POST"; __param_position__: "second"; __param_type__: { params: { id: string; }; }; }' does not satisfy the constraint 'ParamCheck<RouteContext>'.
  The types of '__param_type__.params' are incompatible between these types.
    Type '{ id: string; }' is missing the following properties from type 'Promise<any>': then, catch, finally, [Symbol.toStringTag]
.next/types/app/api/v1/insurance/[id]/deactivate/route.ts(166,7): error TS2344: Type '{ __tag__: "POST"; __param_position__: "second"; __param_type__: { params: { id: string; }; }; }' does not satisfy the constraint 'ParamCheck<RouteContext>'.
  The types of '__param_type__.params' are incompatible between these types.
    Type '{ id: string; }' is missing the following properties from type 'Promise<any>': then, catch, finally, [Symbol.toStringTag]
.next/types/app/api/v1/insurance/[id]/pay/route.ts(166,7): error TS2344: Type '{ __tag__: "POST"; __param_position__: "second"; __param_type__: { params: { id: string; }; }; }' does not satisfy the constraint 'ParamCheck<RouteContext>'.
  The types of '__param_type__.params' are incompatible between these types.
    Type '{ id: string; }' is missing the following properties from type 'Promise<any>': then, catch, finally, [Symbol.toStringTag]
.next/types/validator.ts(243,31): error TS2344: Type 'typeof import("C:/Users/HomePC/Desktop/Drip/Remitwise-Frontend/app/api/goals/[id]/add/route")' does not satisfy the constraint 'RouteHandlerConfig<"/api/goals/[id]/add">'.
  Types of property 'POST' are incompatible.
    Type '(request: NextRequest, { params }: { params: { id: string; }; }) => Promise<NextResponse<ApiErrorResponse> | NextResponse<ApiSuccessResponse>>' is not assignable to type '(request: NextRequest, context: { params: Promise<{ id: string; }>; }) => void | Response | Promise<void | Response>'.
      Types of parameters '__1' and 'context' are incompatible.
        Type '{ params: Promise<{ id: string; }>; }' is not assignable to type '{ params: { id: string; }; }'.
          Types of property 'params' are incompatible.
            Property 'id' is missing in type 'Promise<{ id: string; }>' but required in type '{ id: string; }'.
.next/types/validator.ts(252,31): error TS2344: Type 'typeof import("C:/Users/HomePC/Desktop/Drip/Remitwise-Frontend/app/api/goals/[id]/lock/route")' does not satisfy the constraint 'RouteHandlerConfig<"/api/goals/[id]/lock">'.
  Types of property 'POST' are incompatible.
    Type '(request: NextRequest, { params }: { params: { id: string; }; }) => Promise<NextResponse<ApiErrorResponse> | NextResponse<ApiSuccessResponse>>' is not assignable to type '(request: NextRequest, context: { params: Promise<{ id: string; }>; }) => void | Response | Promise<void | Response>'.
      Types of parameters '__1' and 'context' are incompatible.
        Type '{ params: Promise<{ id: string; }>; }' is not assignable to type '{ params: { id: string; }; }'.
          Types of property 'params' are incompatible.
            Property 'id' is missing in type 'Promise<{ id: string; }>' but required in type '{ id: string; }'.
.next/types/validator.ts(261,31): error TS2344: Type 'typeof import("C:/Users/HomePC/Desktop/Drip/Remitwise-Frontend/app/api/goals/[id]/unlock/route")' does not satisfy the constraint 'RouteHandlerConfig<"/api/goals/[id]/unlock">'.
  Types of property 'POST' are incompatible.
    Type '(request: NextRequest, { params }: { params: { id: string; }; }) => Promise<NextResponse<ApiErrorResponse> | NextResponse<ApiSuccessResponse>>' is not assignable to type '(request: NextRequest, context: { params: Promise<{ id: string; }>; }) => void | Response | Promise<void | Response>'.
      Types of parameters '__1' and 'context' are incompatible.
        Type '{ params: Promise<{ id: string; }>; }' is not assignable to type '{ params: { id: string; }; }'.
          Types of property 'params' are incompatible.
            Property 'id' is missing in type 'Promise<{ id: string; }>' but required in type '{ id: string; }'.
.next/types/validator.ts(270,31): error TS2344: Type 'typeof import("C:/Users/HomePC/Desktop/Drip/Remitwise-Frontend/app/api/goals/[id]/withdraw/route")' does not satisfy the constraint 'RouteHandlerConfig<"/api/goals/[id]/withdraw">'.
  Types of property 'POST' are incompatible.
    Type '(request: NextRequest, { params }: { params: { id: string; }; }) => Promise<NextResponse<ApiErrorResponse> | NextResponse<ApiSuccessResponse>>' is not assignable to type '(request: NextRequest, context: { params: Promise<{ id: string; }>; }) => void | Response | Promise<void | Response>'.
      Types of parameters '__1' and 'context' are incompatible.
        Type '{ params: Promise<{ id: string; }>; }' is not assignable to type '{ params: { id: string; }; }'.
          Types of property 'params' are incompatible.
            Property 'id' is missing in type 'Promise<{ id: string; }>' but required in type '{ id: string; }'.
.next/types/validator.ts(297,31): error TS2344: Type 'typeof import("C:/Users/HomePC/Desktop/Drip/Remitwise-Frontend/app/api/insurance/[id]/route")' does not satisfy the constraint 'RouteHandlerConfig<"/api/insurance/[id]">'.
  Types of property 'GET' are incompatible.
    Type '(request: NextRequest, { params }: { params: { id: string; }; }) => Promise<Response>' is not assignable to type '(request: NextRequest, context: { params: Promise<{ id: string; }>; }) => void | Response | Promise<void | Response>'.
      Types of parameters '__1' and 'context' are incompatible.
        Type '{ params: Promise<{ id: string; }>; }' is not assignable to type '{ params: { id: string; }; }'.
          Types of property 'params' are incompatible.
            Property 'id' is missing in type 'Promise<{ id: string; }>' but required in type '{ id: string; }'.
.next/types/validator.ts(360,31): error TS2344: Type 'typeof import("C:/Users/HomePC/Desktop/Drip/Remitwise-Frontend/app/api/remittance/status/[txHash]/route")' does not satisfy the constraint 'RouteHandlerConfig<"/api/remittance/status/[txHash]">'.
  Types of property 'GET' are incompatible.
    Type '(req: NextRequest, { params }: { params: { txHash: string; }; }) => Promise<NextResponse<{ hash: string; status: "pending" | TxStatus | "not_found"; }> | NextResponse<...>>' is not assignable to type '(request: NextRequest, context: { params: Promise<{ txHash: string; }>; }) => void | Response | Promise<void | Response>'.
      Types of parameters '__1' and 'context' are incompatible.
        Type '{ params: Promise<{ txHash: string; }>; }' is not assignable to type '{ params: { txHash: string; }; }'.
          Types of property 'params' are incompatible.
            Property 'txHash' is missing in type 'Promise<{ txHash: string; }>' but required in type '{ txHash: string; }'.
.next/types/validator.ts(396,31): error TS2344: Type 'typeof import("C:/Users/HomePC/Desktop/Drip/Remitwise-Frontend/app/api/v1/bills/[id]/cancel/route")' does not satisfy the constraint 'RouteHandlerConfig<"/api/v1/bills/[id]/cancel">'.
  Types of property 'POST' are incompatible.
    Type '(req: Request, { params }: { params: { id: string; }; }) => Promise<NextResponse<{ xdr: string; }> | NextResponse<{ error: any; }>>' is not assignable to type '(request: NextRequest, context: { params: Promise<{ id: string; }>; }) => void | Response | Promise<void | Response>'.
      Types of parameters '__1' and 'context' are incompatible.
        Type '{ params: Promise<{ id: string; }>; }' is not assignable to type '{ params: { id: string; }; }'.
          Types of property 'params' are incompatible.
            Property 'id' is missing in type 'Promise<{ id: string; }>' but required in type '{ id: string; }'.
.next/types/validator.ts(405,31): error TS2344: Type 'typeof import("C:/Users/HomePC/Desktop/Drip/Remitwise-Frontend/app/api/v1/bills/[id]/pay/route")' does not satisfy the constraint 'RouteHandlerConfig<"/api/v1/bills/[id]/pay">'.
  Types of property 'POST' are incompatible.
    Type '(req: Request, { params }: { params: { id: string; }; }) => Promise<NextResponse<{ xdr: string; }> | NextResponse<{ error: any; }>>' is not assignable to type '(request: NextRequest, context: { params: Promise<{ id: string; }>; }) => void | Response | Promise<void | Response>'.
      Types of parameters '__1' and 'context' are incompatible.
        Type '{ params: Promise<{ id: string; }>; }' is not assignable to type '{ params: { id: string; }; }'.
          Types of property 'params' are incompatible.
            Property 'id' is missing in type 'Promise<{ id: string; }>' but required in type '{ id: string; }'.
.next/types/validator.ts(432,31): error TS2344: Type 'typeof import("C:/Users/HomePC/Desktop/Drip/Remitwise-Frontend/app/api/v1/insurance/[id]/deactivate/route")' does not satisfy the constraint 'RouteHandlerConfig<"/api/v1/insurance/[id]/deactivate">'.
  Types of property 'POST' are incompatible.
    Type '(req: Request, { params }: { params: { id: string; }; }) => Promise<NextResponse<{ xdr: any; }> | NextResponse<{ error: any; }>>' is not assignable to type '(request: NextRequest, context: { params: Promise<{ id: string; }>; }) => void | Response | Promise<void | Response>'.
      Types of parameters '__1' and 'context' are incompatible.
        Type '{ params: Promise<{ id: string; }>; }' is not assignable to type '{ params: { id: string; }; }'.
          Types of property 'params' are incompatible.
            Property 'id' is missing in type 'Promise<{ id: string; }>' but required in type '{ id: string; }'.
.next/types/validator.ts(441,31): error TS2344: Type 'typeof import("C:/Users/HomePC/Desktop/Drip/Remitwise-Frontend/app/api/v1/insurance/[id]/pay/route")' does not satisfy the constraint 'RouteHandlerConfig<"/api/v1/insurance/[id]/pay">'.
  Types of property 'POST' are incompatible.
    Type '(req: Request, { params }: { params: { id: string; }; }) => Promise<NextResponse<{ xdr: any; }> | NextResponse<{ error: any; }>>' is not assignable to type '(request: NextRequest, context: { params: Promise<{ id: string; }>; }) => void | Response | Promise<void | Response>'.
      Types of parameters '__1' and 'context' are incompatible.
        Type '{ params: Promise<{ id: string; }>; }' is not assignable to type '{ params: { id: string; }; }'.
          Types of property 'params' are incompatible.
            Property 'id' is missing in type 'Promise<{ id: string; }>' but required in type '{ id: string; }'.
app/api/split/route.ts(6,39): error TS2339: Property 'get' does not exist on type 'Promise<ReadonlyRequestCookies>'.
app/api/v1/insurance/[id]/deactivate/route.ts(2,10): error TS2305: Module '"../../../../../../lib/contracts/insurance"' has no exported member 'buildDeactivatePolicyTx'.
app/api/v1/insurance/[id]/pay/route.ts(2,10): error TS2305: Module '"../../../../../../lib/contracts/insurance"' has no exported member 'buildPayPremiumTx'.
app/api/v1/insurance/route.ts(2,10): error TS2305: Module '"../../../../lib/contracts/insurance"' has no exported member 'buildCreatePolicyTx'.
app/dashboard/insight/page.tsx(1,34): error TS1261: Already included file name 'C:/Users/HomePC/Desktop/Drip/Remitwise-Frontend/components/dashboard/SixMonthTrendsWidget.tsx' differs from file name 'C:/Users/HomePC/Desktop/Drip/Remitwise-Frontend/components/Dashboard/SixMonthTrendsWidget.tsx' only in casing.
  The file is in the program because:
    Imported via '@/components/dashboard/SixMonthTrendsWidget' from file 'C:/Users/HomePC/Desktop/Drip/Remitwise-Frontend/app/dashboard/insight/page.tsx'
    Matched by include pattern '**/*.tsx' in 'C:/Users/HomePC/Desktop/Drip/Remitwise-Frontend/tsconfig.json'
lib/contracts/bill-payments.ts(1,10): error TS2614: Module '"@stellar/stellar-sdk"' has no exported member 'Server'. Did you mean to use 'import Server from "@stellar/stellar-sdk"' instead?
services/transaction-builder-service.ts(5,3): error TS2614: Module '"@stellar/stellar-sdk"' has no exported member 'Server'. Did you mean to use 'import Server from "@stellar/stellar-sdk"' instead?
